// Jest Snapshot v1, https://goo.gl/fbAQLP

exports[`Song component renders Song 1`] = `
<Link
  className="songlink"
  to="/lyrics/Silkworm/Never Met A Man I didn\\\\'t Like"
>
  <h3
    className="song"
  >
    Never Met A Man I didn\\'t Like
  </h3>
</Link>
`;
